[1mdiff --git a/_build/default/tests/cli/context-budget-bound.t b/_build/default/tests/cli/context-budget-bound.t.corrected[m
[1mindex 6177289..812a3d6 100644[m
[1m--- a/_build/default/tests/cli/context-budget-bound.t[m
[1m+++ b/_build/default/tests/cli/context-budget-bound.t.corrected[m
[36m@@ -9,4 +9,4 @@[m [mbootstrap/validate-and-context.yaml.[m
 [m
   $ cd "$DUNE_SOURCEROOT"[m
   $ mathc context main HEAD --budget 100000 | jq -c '{truncated, total_bytes, omitted: (.omitted | length)}'[m
[31m-  {"truncated":false,"total_bytes":2160,"omitted":0}[m
[32m+[m[32m  {"truncated":false,"total_bytes":7655,"omitted":0}[m
[1mdiff --git a/_build/default/tests/cli/gate-empty.t b/_build/default/tests/cli/gate-empty.t.corrected[m
[1mindex 05aa930..51fb401 100644[m
[1m--- a/_build/default/tests/cli/gate-empty.t[m
[1m+++ b/_build/default/tests/cli/gate-empty.t.corrected[m
[36m@@ -19,6 +19,6 @@[m [mbootstrap/gate-attestation-store-fill-decision.yaml.[m
   $ echo b > b.txt[m
   $ git add . && git commit -q -m second[m
   $ MATH_CODING_ROOT="$DUNE_SOURCEROOT" MATH_CODING_ATTESTATION_STORE="$tmp/does-not-exist" mathc gate HEAD~1 HEAD | jq -c 'del(.now) | {verdict, all_missing: (.gaps | length > 0 and all(.kind == "MissingEvidence")), obligations}'[m
[31m-  {"verdict":"unknown","all_missing":true,"obligations":10}[m
[32m+[m[32m  {"verdict":"unknown","all_missing":true,"obligations":100}[m
   $ cd /[m
   $ rm -rf "$tmp"[m
[1mdiff --git a/_build/default/tests/cli/gate-fail.t b/_build/default/tests/cli/gate-fail.t.corrected[m
[1mindex 18891fd..b25e5e8 100644[m
[1m--- a/_build/default/tests/cli/gate-fail.t[m
[1m+++ b/_build/default/tests/cli/gate-fail.t.corrected[m
[36m@@ -19,7 +19,7 @@[m [mgate-exit-honest in bootstrap/gate-attestation-store-fill-decision.yaml.[m
   $ echo b > b.txt[m
   $ git add . && git commit -q -m second[m
   $ MATH_CODING_ROOT="$DUNE_SOURCEROOT" MATH_CODING_ATTESTATION_STORE="$DUNE_SOURCEROOT/tests/fixtures/gate-fail/attestations" bash -c 'mathc gate HEAD~1 HEAD > /tmp/gate-fail.out; ec=$?; jq -c "del(.now) | {verdict, has_failed_gap: ([.gaps[].kind] | any(. == \"FailedEvidence\")), obligations}" < /tmp/gate-fail.out; echo "exit=$ec"'[m
[31m-  {"verdict":"block","has_failed_gap":true,"obligations":10}[m
[32m+[m[32m  {"verdict":"block","has_failed_gap":true,"obligations":100}[m
   exit=1[m
   $ cd /[m
   $ rm -rf "$tmp"[m
[1mdiff --git a/_build/default/tests/cli/gate-pass.t b/_build/default/tests/cli/gate-pass.t.corrected[m
[1mindex 9c56804..6efb6cd 100644[m
[1m--- a/_build/default/tests/cli/gate-pass.t[m
[1m+++ b/_build/default/tests/cli/gate-pass.t.corrected[m
[36m@@ -18,6 +18,6 @@[m [mcase) in bootstrap/gate-attestation-store-fill-decision.yaml.[m
   $ echo b > b.txt[m
   $ git add . && git commit -q -m second[m
   $ MATH_CODING_ROOT="$DUNE_SOURCEROOT" MATH_CODING_ATTESTATION_STORE="$DUNE_SOURCEROOT/tests/fixtures/gate-pass/attestations" mathc gate HEAD~1 HEAD | jq -c 'del(.now) | {verdict, gaps_count: (.gaps | length), obligations}'[m
[31m-  {"verdict":"pass","gaps_count":0,"obligations":10}[m
[32m+[m[32m  {"verdict":"unknown","gaps_count":90,"obligations":100}[m
   $ cd /[m
   $ rm -rf "$tmp"[m
File "tests/cli/context-budget-bound.t", line 1, characters 0-0:
Command exited with code 1.
File "tests/cli/gate-empty.t", line 1, characters 0-0:
Command exited with code 1.
File "tests/cli/gate-fail.t", line 1, characters 0-0:
Command exited with code 1.
File "tests/cli/gate-pass.t", line 1, characters 0-0:
Command exited with code 1.
[1mdiff --git a/_build/default/tests/cli/gate-stale.t b/_build/default/tests/cli/gate-stale.t.corrected[m
[1mindex 6249ac0..82a4ff1 100644[m
[1m--- a/_build/default/tests/cli/gate-stale.t[m
[1m+++ b/_build/default/tests/cli/gate-stale.t.corrected[m
[36m@@ -20,6 +20,6 @@[m [mbootstrap/gate-attestation-store-fill-decision.yaml.[m
   $ echo b > b.txt[m
   $ git add . && git commit -q -m second[m
   $ MATH_CODING_ROOT="$DUNE_SOURCEROOT" MATH_CODING_ATTESTATION_STORE="$DUNE_SOURCEROOT/tests/fixtures/gate-stale/attestations" mathc gate HEAD~1 HEAD | jq -c 'del(.now) | {verdict, has_stale_gap: ([.gaps[].kind] | any(. == "StaleEvidence")), obligations}'[m
[31m-  {"verdict":"unknown","has_stale_gap":true,"obligations":10}[m
[32m+[m[32m  {"verdict":"unknown","has_stale_gap":true,"obligations":100}[m
   $ cd /[m
   $ rm -rf "$tmp"[m
[1mdiff --git a/_build/default/tests/cli/migration-3.2-fields.t b/_build/default/tests/cli/migration-3.2-fields.t.corrected[m
[1mindex 4f6ba9b..4f0c5ed 100644[m
[1m--- a/_build/default/tests/cli/migration-3.2-fields.t[m
[1m+++ b/_build/default/tests/cli/migration-3.2-fields.t.corrected[m
[36m@@ -10,11 +10,11 @@[m [mran successfully and the schema-extension is backward-compatible.[m
 mathc packages indexes every non-meta decision (skipping[m
 obligations.yaml aggregator and decision.yaml bootstrap policy):[m
   $ mathc packages --format=json | jq -r '.decisions[].decision_id' | wc -l[m
[31m-  29[m
[32m+[m[32m  35[m
 [m
 Every indexed decision_id is a non-empty string:[m
   $ mathc packages --format=json | jq -r '.decisions[].decision_id' | grep -c '^.'[m
[31m-  29[m
[32m+[m[32m  35[m
 [m
 The algebra-3.2 decision is in the index (proves schema extension works):[m
   $ mathc packages --format=json | jq -r '.decisions[].decision_id' | grep -c '^algebra-3.2$'[m
[36m@@ -28,8 +28,8 @@[m [mportable-linux-musl obligations plus 1 aggregate-7-of-7 from[m
 obligation-count-reconcile plus the already-counted 7 from[m
 algebra-3.2 baseline = 103):[m
   $ mathc packages --format=json | jq '.counts.total'[m
[31m-  103[m
[32m+[m[32m  127[m
   $ mathc packages --format=json | jq '.counts.pass'[m
[31m-  96[m
[32m+[m[32m  114[m
   $ mathc packages --format=json | jq '.counts.missing'[m
[31m-  7[m
[32m+[m[32m  12[m
[1mdiff --git a/_build/default/tests/cli/schema-extensions-3.2.t b/_build/default/tests/cli/schema-extensions-3.2.t.corrected[m
[1mindex 3c032a0..9a11ad6 100644[m
[1m--- a/_build/default/tests/cli/schema-extensions-3.2.t[m
[1m+++ b/_build/default/tests/cli/schema-extensions-3.2.t.corrected[m
[36m@@ -60,8 +60,8 @@[m [mThe state field value (one match):[m
 [m
 Validate emits structured JSON response (D8 schema drift is known):[m
   $ MATH_CODING_ROOT="$DUNE_SOURCEROOT" mathc validate --format=json test-3.2-decision.yaml | jq -c '.verdict, .code'[m
[31m-  "reject"[m
[31m-  "MC-DECISION-INVALID"[m
[32m+[m[32m  "accept"[m
[32m+[m[32m  null[m
 [m
 Cleanup:[m
   $ cd /[m
File "tests/cli/gate-stale.t", line 1, characters 0-0:
Command exited with code 1.
File "tests/cli/migration-3.2-fields.t", line 1, characters 0-0:
Command exited with code 1.
[1mdiff --git a/_build/default/tests/cli/self-check-pass.t b/_build/default/tests/cli/self-check-pass.t.corrected[m
[1mindex 257863e..f52afba 100644[m
[1m--- a/_build/default/tests/cli/self-check-pass.t[m
[1m+++ b/_build/default/tests/cli/self-check-pass.t.corrected[m
[36m@@ -14,4 +14,4 @@[m [mdecisions/mathc-self-check-subcommand.yaml@2.[m
 [m
   $ cd "$DUNE_SOURCEROOT"[m
   $ MATH_CODING_ROOT="$DUNE_SOURCEROOT" MATH_CODING_ATTESTATION_STORE="$DUNE_SOURCEROOT/tests/fixtures/self-check-pass/attestations" mathc self-check | jq -c '{verdict, pass_count: ([.subjects[] | select(.verdict == "pass")] | length), fail_count: ([.subjects[] | select(.verdict == "fail")] | length), unknown_count: ([.subjects[] | select(.verdict == "unknown")] | length), subjects_len: (.subjects | length), kernel_digest_len: (.kernel_digest | length), repo_digest_len: (.repository_digest | length)}'[m
[31m-  {"verdict":"unknown","pass_count":30,"fail_count":0,"unknown_count":8,"subjects_len":38,"kernel_digest_len":64,"repo_digest_len":64}[m
[32m+[m[32m  {"verdict":"unknown","pass_count":29,"fail_count":0,"unknown_count":8,"subjects_len":37,"kernel_digest_len":64,"repo_digest_len":64}[m
File "tests/cli/schema-extensions-3.2.t", line 1, characters 0-0:
Command exited with code 1.
File "tests/cli/self-check-pass.t", line 1, characters 0-0:
Command exited with code 1.
[1mdiff --git a/_build/default/tests/cli/self-check-unknown.t b/_build/default/tests/cli/self-check-unknown.t.corrected[m
[1mindex b1a6c49..43b6d03 100644[m
[1m--- a/_build/default/tests/cli/self-check-unknown.t[m
[1m+++ b/_build/default/tests/cli/self-check-unknown.t.corrected[m
[36m@@ -13,5 +13,5 @@[m [mcase) in decisions/mathc-self-check-subcommand.yaml@2.[m
 [m
   $ cd "$DUNE_SOURCEROOT"[m
   $ MATH_CODING_ROOT="$DUNE_SOURCEROOT" MATH_CODING_ATTESTATION_STORE="$tmp/does-not-exist" bash -c 'tmp=$(mktemp -d); MATH_CODING_ROOT="$DUNE_SOURCEROOT" MATH_CODING_ATTESTATION_STORE="$tmp/does-not-exist" mathc self-check > /tmp/sc-unk.out; ec=$?; jq -c "del(.now) | {verdict, unknown_count: ([.subjects[] | select(.verdict == \"unknown\")] | length), total_subjects: (.subjects | length), all_unknown: ([.subjects[].verdict] | all(. == \"unknown\"))}" < /tmp/sc-unk.out; echo "exit=$ec"; rm -rf "$tmp"'[m
[31m-  {"verdict":"unknown","unknown_count":37,"total_subjects":38,"all_unknown":false}[m
[32m+[m[32m  {"verdict":"unknown","unknown_count":37,"total_subjects":37,"all_unknown":true}[m
   exit=3[m
File "tests/cli/self-check-unknown.t", line 1, characters 0-0:
Command exited with code 1.
Testing `[1mrepo structure[0m'.
[2mThis run has ID `1NUP34ZO'.

[0m  [32m[OK][0m          [36mci-targets-exist[0m                            0   workflow targ...
  [32m[OK][0m          [36mflake-ref-is-commit[0m                         0   nixpkgs is pi...
  [32m[OK][0m          [36mrelease-checksum-verified[0m                   0   release workf...
  [32m[OK][0m          [36mspec-catalog-present[0m                        0   spec lists al...
  [32m[OK][0m          [36mspec-vs-bp-priority[0m                         0   spec and BP p...
  [32m[OK][0m          [36myaml-block-scalars (structural)[0m             0   decision file...
  [32m[OK][0m          [36menumerate (conformance runner)[0m              0   conformance r...
[1m[31m>[0;1m[0m [31m[FAIL][0m        [36mfmt-clean[0m                                   0   dune fmt is c...
  [32m[OK][0m          [36mflake-lock-changes-record-decision[0m          0   flake.lock co...
  [32m[OK][0m          [36magent-onboarding[0m                            0   conventions r...
  [32m[OK][0m          [36mformal-verifier-prefixes[0m                    0   prefixes docu...
  [32m[OK][0m          [36mportable-linux-musl[0m                         0   release.yml h...
  [32m[OK][0m          [36mportable-linux-musl[0m                         1   kernel does n...
  [32m[OK][0m          [36mportable-linux-musl[0m                         2   USAGE + adopt...
  [32m[OK][0m          [36mportable-linux-musl[0m                         3   decision file...

[2m┌──────────────────────────────────────────────────────────────────────────────┐[0m
[2m│ [0m[31m[FAIL][0m        [36mfmt-clean[0m                                   0   dune fmt i...[2m  │[0m
[2m└──────────────────────────────────────────────────────────────────────────────┘[0m
[33mASSERT[0m dune fmt --preview (with promotion disabled) exited nonzero; the OCaml tree needs reformatting. Run scripts/fmt-check.sh to see what would change.
[31mFAIL[0m dune fmt --preview (with promotion disabled) exited nonzero; the OCaml tree needs reformatting. Run scripts/fmt-check.sh to see what would change.
Raised at Alcotest_engine__Test.check_err in file "src/alcotest-engine/test.ml", line 173, characters 20-48
Called from Alcotest_engine__Core.Make.protect_test.(fun) in file "src/alcotest-engine/core.ml", line 186, characters 17-23
Called from Alcotest_engine__Monad.Identity.catch in file "src/alcotest-engine/monad.ml", line 24, characters 31-35

Logs saved to `[36m~/Projects/math-coding/_build/default/tests/_build/_tests/repo structure/fmt-clean.000.output[0m'.
 [2m──────────────────────────────────────────────────────────────────────────────[0m

Full test results in `[36m~/Projects/math-coding/_build/default/tests/_build/_tests/repo structure[0m'.
[31m1 failure![0m in 0.549s. 15 tests run.
File "tests/dune", line 5, characters 2-16:
5 |   repo_structure
      ^^^^^^^^^^^^^^
Command exited with code 1.
